실행 2026-10-03 08:51 KST
수집 시작 — 2026-10-02T23:51:22.649Z
  포항시립도서관: 실패 — 응답이 310자뿐 — https://phlib.pohang.go.kr/phlib/module/teach/index.do?menu_idx=24
      돌아온 내용: <br> <br> <center> <h2> The request / response that are contrary to the Web firewall security policies have been blocked. </h2> <table> <tr> <td>Detect time</td> <td></td> </tr> <tr> <td>Detect client IP</td> <td></td> <
  경상북도교육청 영일도서관: 목록 5건
  경상북도교육청과학원: 목록 20건
  포항문화재단: 목록 734건
수집 합계 759건 (실패한 기관: phlib)
  이어받은 기존 강좌 16건
큐레이션 후 24건
  기준일은 2026-09-30 — 아직 확인 못 한 기관이 있습니다
완료 — 데이터가 바뀌었습니다
--- 만들어진 파일 ---
total 40
drwxr-xr-x 2 runner runner  4096 Oct  2 23:51 .
drwxr-xr-x 4 runner runner  4096 Oct  2 23:51 ..
-rw-r--r-- 1 runner runner 11932 Oct  2 23:51 fill-log.csv
-rw-r--r-- 1 runner runner 16805 Oct  2 23:51 programs.json
--- 바뀐 파일 ---
 M pohang-ontime/crawler/last-run.log
 M pohang-ontime/data/programs.json
 M pohang-ontime/index.html
